---
source: tests/properties.rs
expression: stdout
---
navigating to https://example.org
