---
source: tests/interface.rs
expression: stdout
---
navigating to https://example.org
